2026-09-10 14:58:54,600 - root - INFO - Starting execution in mode: train, ablation: proposed
2026-09-10 14:58:55,634 - root - INFO - Using device: cuda
2026-09-10 14:58:55,635 - root - INFO - 
============================================================
2026-09-10 14:58:55,635 - root - INFO - Training Fold 1/5
2026-09-10 14:58:55,635 - root - INFO - ============================================================
2026-09-10 14:59:02,476 - timm.models._builder - INFO - Loading pretrained weights from Hugging Face hub (timm/swinv2_large_window12to16_192to256.ms_in22k_ft_in1k)
2026-09-10 14:59:02,504 - timm.models._hub - INFO - [timm/swinv2_large_window12to16_192to256.ms_in22k_ft_in1k] Safe alternative available for 'pytorch_model.bin' (as 'model.safetensors'). Loading weights using safetensors.
2026-09-10 14:59:05,482 - timm.models._builder - INFO - Missing keys (head.fc.weight, head.fc.bias) discovered while loading pretrained weights. This is expected if model is being adapted.
2026-09-10 14:59:07,693 - src.training.trainer - INFO - Starting training...
2026-09-10 14:59:07,693 - src.training.trainer - INFO - Training Fold 1
2026-09-10 15:00:37,025 - src.training.trainer - INFO - Epoch 1/80
2026-09-10 15:00:37,025 - src.training.trainer - INFO - [Train] Loss: 3.1895, Acc: 0.3036, Precision: 0.3169, Recall: 0.3046, F1: 0.2843, QWK: 0.3198
2026-09-10 15:00:37,025 - src.training.trainer - INFO - [Val] Loss: 1.3855, Acc: 0.5229, Precision: 0.3125, Recall: 0.4899, F1: 0.3547, QWK: 0.7199
2026-09-10 15:00:38,128 - src.training.trainer - INFO - New best model saved at epoch 1 with QWK 0.7199
2026-09-10 15:02:00,598 - src.training.trainer - INFO - Epoch 2/80
2026-09-10 15:02:00,600 - src.training.trainer - INFO - [Train] Loss: 2.3160, Acc: 0.4597, Precision: 0.4794, Recall: 0.4502, F1: 0.4107, QWK: 0.6050
2026-09-10 15:02:00,600 - src.training.trainer - INFO - [Val] Loss: 1.2211, Acc: 0.5991, Precision: 0.5579, Recall: 0.5468, F1: 0.4050, QWK: 0.7625
2026-09-10 15:02:01,706 - src.training.trainer - INFO - New best model saved at epoch 2 with QWK 0.7625
2026-09-10 15:03:24,412 - src.training.trainer - INFO - Epoch 3/80
2026-09-10 15:03:24,412 - src.training.trainer - INFO - [Train] Loss: 2.0236, Acc: 0.5038, Precision: 0.5689, Recall: 0.4974, F1: 0.4632, QWK: 0.6402
2026-09-10 15:03:24,413 - src.training.trainer - INFO - [Val] Loss: 1.0676, Acc: 0.6143, Precision: 0.5389, Recall: 0.5598, F1: 0.4534, QWK: 0.8014
2026-09-10 15:03:25,667 - src.training.trainer - INFO - New best model saved at epoch 3 with QWK 0.8014
2026-09-10 15:04:48,883 - src.training.trainer - INFO - Epoch 4/80
2026-09-10 15:04:48,883 - src.training.trainer - INFO - [Train] Loss: 1.7278, Acc: 0.5217, Precision: 0.6325, Recall: 0.5220, F1: 0.4834, QWK: 0.6709
2026-09-10 15:04:48,883 - src.training.trainer - INFO - [Val] Loss: 0.8980, Acc: 0.6357, Precision: 0.5852, Recall: 0.6391, F1: 0.5243, QWK: 0.7890
2026-09-10 15:06:11,541 - src.training.trainer - INFO - Epoch 5/80
2026-09-10 15:06:11,541 - src.training.trainer - INFO - [Train] Loss: 1.5895, Acc: 0.5805, Precision: 0.6213, Recall: 0.5805, F1: 0.5511, QWK: 0.7115
2026-09-10 15:06:11,541 - src.training.trainer - INFO - [Val] Loss: 0.9614, Acc: 0.6692, Precision: 0.5971, Recall: 0.6620, F1: 0.5214, QWK: 0.8220
2026-09-10 15:06:12,671 - src.training.trainer - INFO - New best model saved at epoch 5 with QWK 0.8220
2026-09-10 15:07:35,332 - src.training.trainer - INFO - Epoch 6/80
2026-09-10 15:07:35,332 - src.training.trainer - INFO - [Train] Loss: 1.4637, Acc: 0.6007, Precision: 0.6494, Recall: 0.5949, F1: 0.5699, QWK: 0.6936
2026-09-10 15:07:35,332 - src.training.trainer - INFO - [Val] Loss: 0.8560, Acc: 0.7119, Precision: 0.6065, Recall: 0.6854, F1: 0.5698, QWK: 0.8286
2026-09-10 15:07:36,452 - src.training.trainer - INFO - New best model saved at epoch 6 with QWK 0.8286
2026-09-10 15:08:59,615 - src.training.trainer - INFO - Epoch 7/80
2026-09-10 15:08:59,617 - src.training.trainer - INFO - [Train] Loss: 1.2429, Acc: 0.6280, Precision: 0.6801, Recall: 0.6277, F1: 0.6013, QWK: 0.7299
2026-09-10 15:08:59,617 - src.training.trainer - INFO - [Val] Loss: 0.8577, Acc: 0.7393, Precision: 0.6160, Recall: 0.6729, F1: 0.6011, QWK: 0.8521
2026-09-10 15:09:00,768 - src.training.trainer - INFO - New best model saved at epoch 7 with QWK 0.8521
2026-09-10 15:10:23,991 - src.training.trainer - INFO - Epoch 8/80
2026-09-10 15:10:23,991 - src.training.trainer - INFO - [Train] Loss: 1.2740, Acc: 0.6497, Precision: 0.6896, Recall: 0.6451, F1: 0.6226, QWK: 0.7615
2026-09-10 15:10:23,991 - src.training.trainer - INFO - [Val] Loss: 0.8594, Acc: 0.7317, Precision: 0.6465, Recall: 0.6436, F1: 0.5934, QWK: 0.8552
2026-09-10 15:10:25,264 - src.training.trainer - INFO - New best model saved at epoch 8 with QWK 0.8552
2026-09-10 15:11:48,012 - src.training.trainer - INFO - Epoch 9/80
2026-09-10 15:11:48,013 - src.training.trainer - INFO - [Train] Loss: 1.1368, Acc: 0.6926, Precision: 0.7279, Recall: 0.6887, F1: 0.6685, QWK: 0.7751
2026-09-10 15:11:48,013 - src.training.trainer - INFO - [Val] Loss: 0.7000, Acc: 0.7805, Precision: 0.6443, Recall: 0.7200, F1: 0.6600, QWK: 0.8780
2026-09-10 15:11:49,167 - src.training.trainer - INFO - New best model saved at epoch 9 with QWK 0.8780
2026-09-10 15:13:11,354 - src.training.trainer - INFO - Epoch 10/80
2026-09-10 15:13:11,355 - src.training.trainer - INFO - [Train] Loss: 0.9756, Acc: 0.6903, Precision: 0.7304, Recall: 0.6961, F1: 0.6658, QWK: 0.7867
2026-09-10 15:13:11,355 - src.training.trainer - INFO - [Val] Loss: 0.9136, Acc: 0.7424, Precision: 0.6548, Recall: 0.6776, F1: 0.6218, QWK: 0.8707
2026-09-10 15:14:34,356 - src.training.trainer - INFO - Epoch 11/80
2026-09-10 15:14:34,357 - src.training.trainer - INFO - [Train] Loss: 0.8986, Acc: 0.7268, Precision: 0.7513, Recall: 0.7231, F1: 0.7033, QWK: 0.7770
2026-09-10 15:14:34,357 - src.training.trainer - INFO - [Val] Loss: 0.7545, Acc: 0.7713, Precision: 0.6463, Recall: 0.7101, F1: 0.6454, QWK: 0.8714
2026-09-10 15:15:57,712 - src.training.trainer - INFO - Epoch 12/80
2026-09-10 15:15:57,713 - src.training.trainer - INFO - [Train] Loss: 1.0247, Acc: 0.6934, Precision: 0.7225, Recall: 0.6943, F1: 0.6644, QWK: 0.7639
2026-09-10 15:15:57,713 - src.training.trainer - INFO - [Val] Loss: 0.7607, Acc: 0.7896, Precision: 0.6596, Recall: 0.7018, F1: 0.6606, QWK: 0.8977
2026-09-10 15:15:58,889 - src.training.trainer - INFO - New best model saved at epoch 12 with QWK 0.8977
2026-09-10 15:17:22,050 - src.training.trainer - INFO - Epoch 13/80
2026-09-10 15:17:22,050 - src.training.trainer - INFO - [Train] Loss: 0.9138, Acc: 0.7340, Precision: 0.7641, Recall: 0.7311, F1: 0.7106, QWK: 0.8125
2026-09-10 15:17:22,050 - src.training.trainer - INFO - [Val] Loss: 0.7152, Acc: 0.7927, Precision: 0.6687, Recall: 0.7145, F1: 0.6726, QWK: 0.9026
2026-09-10 15:17:23,210 - src.training.trainer - INFO - New best model saved at epoch 13 with QWK 0.9026
2026-09-10 15:18:46,573 - src.training.trainer - INFO - Epoch 14/80
2026-09-10 15:18:46,573 - src.training.trainer - INFO - [Train] Loss: 0.8156, Acc: 0.7675, Precision: 0.7837, Recall: 0.7623, F1: 0.7477, QWK: 0.8237
2026-09-10 15:18:46,574 - src.training.trainer - INFO - [Val] Loss: 0.7039, Acc: 0.7774, Precision: 0.6543, Recall: 0.7297, F1: 0.6593, QWK: 0.8963
2026-09-10 15:20:09,358 - src.training.trainer - INFO - Epoch 15/80
2026-09-10 15:20:09,359 - src.training.trainer - INFO - [Train] Loss: 0.7079, Acc: 0.7796, Precision: 0.7938, Recall: 0.7761, F1: 0.7626, QWK: 0.8336
2026-09-10 15:20:09,359 - src.training.trainer - INFO - [Val] Loss: 0.7830, Acc: 0.7652, Precision: 0.6339, Recall: 0.6981, F1: 0.6336, QWK: 0.8681
2026-09-10 15:21:32,124 - src.training.trainer - INFO - Epoch 16/80
2026-09-10 15:21:32,125 - src.training.trainer - INFO - [Train] Loss: 0.6636, Acc: 0.7967, Precision: 0.8103, Recall: 0.7941, F1: 0.7830, QWK: 0.8565
2026-09-10 15:21:32,125 - src.training.trainer - INFO - [Val] Loss: 0.7187, Acc: 0.8308, Precision: 0.7054, Recall: 0.7132, F1: 0.7071, QWK: 0.9086
2026-09-10 15:21:33,311 - src.training.trainer - INFO - New best model saved at epoch 16 with QWK 0.9086
2026-09-10 15:22:55,586 - src.training.trainer - INFO - Epoch 17/80
2026-09-10 15:22:55,586 - src.training.trainer - INFO - [Train] Loss: 0.7698, Acc: 0.7785, Precision: 0.8020, Recall: 0.7760, F1: 0.7664, QWK: 0.8392
2026-09-10 15:22:55,586 - src.training.trainer - INFO - [Val] Loss: 0.7608, Acc: 0.8079, Precision: 0.6788, Recall: 0.6942, F1: 0.6808, QWK: 0.9026
2026-09-10 15:24:18,509 - src.training.trainer - INFO - Epoch 18/80
2026-09-10 15:24:18,510 - src.training.trainer - INFO - [Train] Loss: 0.6371, Acc: 0.8070, Precision: 0.8228, Recall: 0.8059, F1: 0.8007, QWK: 0.8405
2026-09-10 15:24:18,510 - src.training.trainer - INFO - [Val] Loss: 0.8718, Acc: 0.7363, Precision: 0.6069, Recall: 0.6815, F1: 0.5982, QWK: 0.8433
2026-09-10 15:25:40,929 - src.training.trainer - INFO - Epoch 19/80
2026-09-10 15:25:40,929 - src.training.trainer - INFO - [Train] Loss: 0.6106, Acc: 0.8093, Precision: 0.8243, Recall: 0.8123, F1: 0.8036, QWK: 0.8550
2026-09-10 15:25:40,929 - src.training.trainer - INFO - [Val] Loss: 0.7795, Acc: 0.7805, Precision: 0.6369, Recall: 0.6905, F1: 0.6475, QWK: 0.8803
2026-09-10 15:27:03,946 - src.training.trainer - INFO - Epoch 20/80
2026-09-10 15:27:03,947 - src.training.trainer - INFO - [Train] Loss: 0.6497, Acc: 0.8066, Precision: 0.8205, Recall: 0.8040, F1: 0.7977, QWK: 0.8530
2026-09-10 15:27:03,947 - src.training.trainer - INFO - [Val] Loss: 0.7594, Acc: 0.7988, Precision: 0.6643, Recall: 0.6927, F1: 0.6678, QWK: 0.8933
2026-09-10 15:28:26,870 - src.training.trainer - INFO - Epoch 21/80
2026-09-10 15:28:26,871 - src.training.trainer - INFO - [Train] Loss: 0.6521, Acc: 0.8043, Precision: 0.8230, Recall: 0.8110, F1: 0.8028, QWK: 0.8673
2026-09-10 15:28:26,871 - src.training.trainer - INFO - [Val] Loss: 0.7001, Acc: 0.7988, Precision: 0.6623, Recall: 0.7104, F1: 0.6758, QWK: 0.8872
2026-09-10 15:29:50,355 - src.training.trainer - INFO - Epoch 22/80
2026-09-10 15:29:50,355 - src.training.trainer - INFO - [Train] Loss: 0.5904, Acc: 0.8332, Precision: 0.8403, Recall: 0.8291, F1: 0.8254, QWK: 0.8579
2026-09-10 15:29:50,355 - src.training.trainer - INFO - [Val] Loss: 0.7087, Acc: 0.8034, Precision: 0.6699, Recall: 0.6955, F1: 0.6725, QWK: 0.9017
2026-09-10 15:31:13,410 - src.training.trainer - INFO - Epoch 23/80
2026-09-10 15:31:13,411 - src.training.trainer - INFO - [Train] Loss: 0.5131, Acc: 0.8188, Precision: 0.8296, Recall: 0.8211, F1: 0.8144, QWK: 0.8580
2026-09-10 15:31:13,411 - src.training.trainer - INFO - [Val] Loss: 0.7666, Acc: 0.8155, Precision: 0.6949, Recall: 0.6958, F1: 0.6861, QWK: 0.9092
2026-09-10 15:31:14,578 - src.training.trainer - INFO - New best model saved at epoch 23 with QWK 0.9092
2026-09-10 15:32:37,257 - src.training.trainer - INFO - Epoch 24/80
2026-09-10 15:32:37,257 - src.training.trainer - INFO - [Train] Loss: 0.6436, Acc: 0.8260, Precision: 0.8398, Recall: 0.8220, F1: 0.8195, QWK: 0.8629
2026-09-10 15:32:37,257 - src.training.trainer - INFO - [Val] Loss: 0.7887, Acc: 0.8430, Precision: 0.7276, Recall: 0.6975, F1: 0.7078, QWK: 0.9167
2026-09-10 15:32:38,412 - src.training.trainer - INFO - New best model saved at epoch 24 with QWK 0.9167
2026-09-10 15:34:01,444 - src.training.trainer - INFO - Epoch 25/80
2026-09-10 15:34:01,445 - src.training.trainer - INFO - [Train] Loss: 0.5466, Acc: 0.8332, Precision: 0.8454, Recall: 0.8308, F1: 0.8288, QWK: 0.8585
2026-09-10 15:34:01,445 - src.training.trainer - INFO - [Val] Loss: 0.6873, Acc: 0.8095, Precision: 0.6745, Recall: 0.7009, F1: 0.6807, QWK: 0.9052
2026-09-10 15:35:24,691 - src.training.trainer - INFO - Epoch 26/80
2026-09-10 15:35:24,692 - src.training.trainer - INFO - [Train] Loss: 0.5381, Acc: 0.8560, Precision: 0.8627, Recall: 0.8552, F1: 0.8544, QWK: 0.8877
2026-09-10 15:35:24,692 - src.training.trainer - INFO - [Val] Loss: 0.7346, Acc: 0.8277, Precision: 0.7088, Recall: 0.6959, F1: 0.6945, QWK: 0.9145
2026-09-10 15:36:47,560 - src.training.trainer - INFO - Epoch 27/80
2026-09-10 15:36:47,561 - src.training.trainer - INFO - [Train] Loss: 0.5137, Acc: 0.8522, Precision: 0.8612, Recall: 0.8531, F1: 0.8504, QWK: 0.8939
2026-09-10 15:36:47,561 - src.training.trainer - INFO - [Val] Loss: 0.7984, Acc: 0.8354, Precision: 0.7140, Recall: 0.6930, F1: 0.7005, QWK: 0.9138
2026-09-10 15:38:10,975 - src.training.trainer - INFO - Epoch 28/80
2026-09-10 15:38:10,975 - src.training.trainer - INFO - [Train] Loss: 0.4628, Acc: 0.8663, Precision: 0.8714, Recall: 0.8694, F1: 0.8670, QWK: 0.8951
2026-09-10 15:38:10,975 - src.training.trainer - INFO - [Val] Loss: 0.7659, Acc: 0.8262, Precision: 0.7021, Recall: 0.6870, F1: 0.6899, QWK: 0.9132
2026-09-10 15:39:33,846 - src.training.trainer - INFO - Epoch 29/80
2026-09-10 15:39:33,847 - src.training.trainer - INFO - [Train] Loss: 0.5206, Acc: 0.8716, Precision: 0.8770, Recall: 0.8719, F1: 0.8700, QWK: 0.8939
2026-09-10 15:39:33,847 - src.training.trainer - INFO - [Val] Loss: 0.7447, Acc: 0.8338, Precision: 0.7161, Recall: 0.7100, F1: 0.7079, QWK: 0.9226
2026-09-10 15:39:35,026 - src.training.trainer - INFO - New best model saved at epoch 29 with QWK 0.9226
2026-09-10 15:40:57,768 - src.training.trainer - INFO - Epoch 30/80
2026-09-10 15:40:57,768 - src.training.trainer - INFO - [Train] Loss: 0.5384, Acc: 0.8674, Precision: 0.8759, Recall: 0.8652, F1: 0.8649, QWK: 0.8765
2026-09-10 15:40:57,768 - src.training.trainer - INFO - [Val] Loss: 0.8237, Acc: 0.8354, Precision: 0.7169, Recall: 0.6863, F1: 0.6968, QWK: 0.9175
2026-09-10 15:42:20,052 - src.training.trainer - INFO - Epoch 31/80
2026-09-10 15:42:20,053 - src.training.trainer - INFO - [Train] Loss: 0.4748, Acc: 0.8739, Precision: 0.8810, Recall: 0.8746, F1: 0.8733, QWK: 0.9101
2026-09-10 15:42:20,053 - src.training.trainer - INFO - [Val] Loss: 0.7588, Acc: 0.8308, Precision: 0.7068, Recall: 0.6975, F1: 0.6979, QWK: 0.9132
2026-09-10 15:43:43,258 - src.training.trainer - INFO - Epoch 32/80
2026-09-10 15:43:43,259 - src.training.trainer - INFO - [Train] Loss: 0.4240, Acc: 0.8917, Precision: 0.8965, Recall: 0.8875, F1: 0.8881, QWK: 0.9201
2026-09-10 15:43:43,259 - src.training.trainer - INFO - [Val] Loss: 0.9056, Acc: 0.8445, Precision: 0.7360, Recall: 0.6846, F1: 0.7038, QWK: 0.9194
2026-09-10 15:45:06,416 - src.training.trainer - INFO - Epoch 33/80
2026-09-10 15:45:06,417 - src.training.trainer - INFO - [Train] Loss: 0.4822, Acc: 0.8670, Precision: 0.8726, Recall: 0.8710, F1: 0.8681, QWK: 0.8916
2026-09-10 15:45:06,417 - src.training.trainer - INFO - [Val] Loss: 0.7554, Acc: 0.8369, Precision: 0.7167, Recall: 0.6989, F1: 0.7038, QWK: 0.9160
2026-09-10 15:46:29,437 - src.training.trainer - INFO - Epoch 34/80
2026-09-10 15:46:29,437 - src.training.trainer - INFO - [Train] Loss: 0.4933, Acc: 0.8697, Precision: 0.8749, Recall: 0.8661, F1: 0.8667, QWK: 0.8823
2026-09-10 15:46:29,437 - src.training.trainer - INFO - [Val] Loss: 0.8166, Acc: 0.8415, Precision: 0.7228, Recall: 0.6899, F1: 0.7031, QWK: 0.9175
2026-09-10 15:47:51,992 - src.training.trainer - INFO - Epoch 35/80
2026-09-10 15:47:51,993 - src.training.trainer - INFO - [Train] Loss: 0.4082, Acc: 0.8701, Precision: 0.8738, Recall: 0.8692, F1: 0.8682, QWK: 0.8886
2026-09-10 15:47:51,993 - src.training.trainer - INFO - [Val] Loss: 0.9032, Acc: 0.8491, Precision: 0.7416, Recall: 0.6942, F1: 0.7120, QWK: 0.9161
2026-09-10 15:49:14,729 - src.training.trainer - INFO - Epoch 36/80
2026-09-10 15:49:14,729 - src.training.trainer - INFO - [Train] Loss: 0.4304, Acc: 0.8841, Precision: 0.8868, Recall: 0.8842, F1: 0.8840, QWK: 0.8946
2026-09-10 15:49:14,729 - src.training.trainer - INFO - [Val] Loss: 0.8038, Acc: 0.8445, Precision: 0.7266, Recall: 0.7008, F1: 0.7114, QWK: 0.9144
2026-09-10 15:50:37,310 - src.training.trainer - INFO - Epoch 37/80
2026-09-10 15:50:37,310 - src.training.trainer - INFO - [Train] Loss: 0.3794, Acc: 0.8891, Precision: 0.8926, Recall: 0.8910, F1: 0.8897, QWK: 0.9006
2026-09-10 15:50:37,310 - src.training.trainer - INFO - [Val] Loss: 0.7888, Acc: 0.8476, Precision: 0.7276, Recall: 0.6972, F1: 0.7097, QWK: 0.9123
2026-09-10 15:52:00,497 - src.training.trainer - INFO - Epoch 38/80
2026-09-10 15:52:00,497 - src.training.trainer - INFO - [Train] Loss: 0.3589, Acc: 0.8986, Precision: 0.8998, Recall: 0.8983, F1: 0.8979, QWK: 0.9005
2026-09-10 15:52:00,497 - src.training.trainer - INFO - [Val] Loss: 0.7825, Acc: 0.8430, Precision: 0.7173, Recall: 0.7077, F1: 0.7104, QWK: 0.9107
2026-09-10 15:53:23,921 - src.training.trainer - INFO - Epoch 39/80
2026-09-10 15:53:23,921 - src.training.trainer - INFO - [Train] Loss: 0.4035, Acc: 0.8910, Precision: 0.8954, Recall: 0.8904, F1: 0.8909, QWK: 0.9047
2026-09-10 15:53:23,921 - src.training.trainer - INFO - [Val] Loss: 0.7996, Acc: 0.8445, Precision: 0.7220, Recall: 0.6971, F1: 0.7076, QWK: 0.9080
2026-09-10 15:54:46,382 - src.training.trainer - INFO - Epoch 40/80
2026-09-10 15:54:46,384 - src.training.trainer - INFO - [Train] Loss: 0.4106, Acc: 0.9001, Precision: 0.9039, Recall: 0.9007, F1: 0.8999, QWK: 0.9091
2026-09-10 15:54:46,384 - src.training.trainer - INFO - [Val] Loss: 0.7706, Acc: 0.8354, Precision: 0.7011, Recall: 0.6904, F1: 0.6944, QWK: 0.9080
2026-09-10 15:56:09,017 - src.training.trainer - INFO - Epoch 41/80
2026-09-10 15:56:09,019 - src.training.trainer - INFO - [Train] Loss: 0.4034, Acc: 0.8834, Precision: 0.8867, Recall: 0.8832, F1: 0.8834, QWK: 0.8829
2026-09-10 15:56:09,019 - src.training.trainer - INFO - [Val] Loss: 0.9030, Acc: 0.8369, Precision: 0.7181, Recall: 0.6680, F1: 0.6876, QWK: 0.9106
2026-09-10 15:57:31,936 - src.training.trainer - INFO - Epoch 42/80
2026-09-10 15:57:31,938 - src.training.trainer - INFO - [Train] Loss: 0.4203, Acc: 0.8807, Precision: 0.8839, Recall: 0.8812, F1: 0.8806, QWK: 0.8842
2026-09-10 15:57:31,938 - src.training.trainer - INFO - [Val] Loss: 0.8513, Acc: 0.8384, Precision: 0.7088, Recall: 0.6751, F1: 0.6881, QWK: 0.9106
2026-09-10 15:58:54,780 - src.training.trainer - INFO - Epoch 43/80
2026-09-10 15:58:54,781 - src.training.trainer - INFO - [Train] Loss: 0.4017, Acc: 0.8894, Precision: 0.8916, Recall: 0.8892, F1: 0.8884, QWK: 0.9013
2026-09-10 15:58:54,781 - src.training.trainer - INFO - [Val] Loss: 0.9296, Acc: 0.8415, Precision: 0.7151, Recall: 0.6770, F1: 0.6922, QWK: 0.9073
2026-09-10 16:00:17,984 - src.training.trainer - INFO - Epoch 44/80
2026-09-10 16:00:17,984 - src.training.trainer - INFO - [Train] Loss: 0.4003, Acc: 0.8986, Precision: 0.9006, Recall: 0.8984, F1: 0.8980, QWK: 0.8914
2026-09-10 16:00:17,984 - src.training.trainer - INFO - [Val] Loss: 0.8339, Acc: 0.8445, Precision: 0.7214, Recall: 0.6759, F1: 0.6940, QWK: 0.9096
2026-09-10 16:01:40,809 - src.training.trainer - INFO - Epoch 45/80
2026-09-10 16:01:40,809 - src.training.trainer - INFO - [Train] Loss: 0.3138, Acc: 0.9278, Precision: 0.9296, Recall: 0.9283, F1: 0.9280, QWK: 0.9278
2026-09-10 16:01:40,810 - src.training.trainer - INFO - [Val] Loss: 0.9370, Acc: 0.8415, Precision: 0.7344, Recall: 0.6649, F1: 0.6905, QWK: 0.9088
2026-09-10 16:03:03,510 - src.training.trainer - INFO - Epoch 46/80
2026-09-10 16:03:03,510 - src.training.trainer - INFO - [Train] Loss: 0.3445, Acc: 0.8982, Precision: 0.9019, Recall: 0.8975, F1: 0.8978, QWK: 0.9002
2026-09-10 16:03:03,510 - src.training.trainer - INFO - [Val] Loss: 1.0063, Acc: 0.8430, Precision: 0.7376, Recall: 0.6660, F1: 0.6921, QWK: 0.9093
2026-09-10 16:04:26,683 - src.training.trainer - INFO - Epoch 47/80
2026-09-10 16:04:26,684 - src.training.trainer - INFO - [Train] Loss: 0.3973, Acc: 0.9119, Precision: 0.9147, Recall: 0.9117, F1: 0.9119, QWK: 0.9150
2026-09-10 16:04:26,684 - src.training.trainer - INFO - [Val] Loss: 0.9641, Acc: 0.8491, Precision: 0.7432, Recall: 0.6869, F1: 0.7089, QWK: 0.9155
2026-09-10 16:05:49,319 - src.training.trainer - INFO - Epoch 48/80
2026-09-10 16:05:49,319 - src.training.trainer - INFO - [Train] Loss: 0.3565, Acc: 0.9141, Precision: 0.9159, Recall: 0.9152, F1: 0.9141, QWK: 0.9203
2026-09-10 16:05:49,319 - src.training.trainer - INFO - [Val] Loss: 0.9067, Acc: 0.8491, Precision: 0.7425, Recall: 0.6824, F1: 0.7054, QWK: 0.9165
2026-09-10 16:07:12,280 - src.training.trainer - INFO - Epoch 49/80
2026-09-10 16:07:12,281 - src.training.trainer - INFO - [Train] Loss: 0.3258, Acc: 0.9043, Precision: 0.9075, Recall: 0.9025, F1: 0.9036, QWK: 0.9014
2026-09-10 16:07:12,281 - src.training.trainer - INFO - [Val] Loss: 0.8686, Acc: 0.8430, Precision: 0.7349, Recall: 0.6679, F1: 0.6928, QWK: 0.9094
2026-09-10 16:08:35,286 - src.training.trainer - INFO - Epoch 50/80
2026-09-10 16:08:35,286 - src.training.trainer - INFO - [Train] Loss: 0.2850, Acc: 0.9168, Precision: 0.9201, Recall: 0.9166, F1: 0.9169, QWK: 0.9053
2026-09-10 16:08:35,286 - src.training.trainer - INFO - [Val] Loss: 1.0547, Acc: 0.8460, Precision: 0.7436, Recall: 0.6674, F1: 0.6947, QWK: 0.9085
2026-09-10 16:09:58,694 - src.training.trainer - INFO - Epoch 51/80
2026-09-10 16:09:58,694 - src.training.trainer - INFO - [Train] Loss: 0.3411, Acc: 0.9122, Precision: 0.9158, Recall: 0.9117, F1: 0.9125, QWK: 0.9040
2026-09-10 16:09:58,695 - src.training.trainer - INFO - [Val] Loss: 0.9918, Acc: 0.8460, Precision: 0.7389, Recall: 0.6710, F1: 0.6960, QWK: 0.9137
2026-09-10 16:09:58,705 - src.training.trainer - INFO - SWA updated (n=1)
2026-09-10 16:11:21,659 - src.training.trainer - INFO - Epoch 52/80
2026-09-10 16:11:21,659 - src.training.trainer - INFO - [Train] Loss: 0.3846, Acc: 0.9046, Precision: 0.9088, Recall: 0.9027, F1: 0.9041, QWK: 0.9057
2026-09-10 16:11:21,659 - src.training.trainer - INFO - [Val] Loss: 0.9710, Acc: 0.8491, Precision: 0.7488, Recall: 0.6778, F1: 0.7039, QWK: 0.9133
2026-09-10 16:11:21,672 - src.training.trainer - INFO - SWA updated (n=2)
2026-09-10 16:12:44,891 - src.training.trainer - INFO - Epoch 53/80
2026-09-10 16:12:44,891 - src.training.trainer - INFO - [Train] Loss: 0.3289, Acc: 0.8887, Precision: 0.8921, Recall: 0.8884, F1: 0.8885, QWK: 0.8724
2026-09-10 16:12:44,891 - src.training.trainer - INFO - [Val] Loss: 1.0285, Acc: 0.8460, Precision: 0.7465, Recall: 0.6629, F1: 0.6920, QWK: 0.9092
2026-09-10 16:12:44,902 - src.training.trainer - INFO - SWA updated (n=3)
2026-09-10 16:14:08,397 - src.training.trainer - INFO - Epoch 54/80
2026-09-10 16:14:08,397 - src.training.trainer - INFO - [Train] Loss: 0.3037, Acc: 0.9221, Precision: 0.9247, Recall: 0.9218, F1: 0.9219, QWK: 0.9125
2026-09-10 16:14:08,397 - src.training.trainer - INFO - [Val] Loss: 1.0084, Acc: 0.8491, Precision: 0.7473, Recall: 0.6787, F1: 0.7043, QWK: 0.9127
2026-09-10 16:14:08,408 - src.training.trainer - INFO - SWA updated (n=4)
2026-09-10 16:14:08,408 - src.training.trainer - INFO - Early stopping triggered after 54 epochs.
2026-09-10 16:14:08,408 - src.training.trainer - INFO - Updating SWA BatchNorm statistics...
2026-09-10 16:15:13,284 - src.training.trainer - INFO - [SWA Val] Loss: 1.1581, Acc: 0.8415, QWK: 0.9099
2026-09-10 16:15:13,876 - root - INFO - 
K-Fold training complete. 5 models saved.
2026-09-10 21:48:48,169 - root - INFO - Training complete.
